Microchip MPLAB XC8 Compiler V2.00 ()

Linker command line:

-W-3 --edf=E:\Program Files (x86)\Microchip\xc8\v2.00\pic\dat\en_msgs.txt \
  -cs -h+dist/default/production\third.X.production.sym \
  --cmf=dist/default/production\third.X.production.cmf -z -Q16F1827 \
  -oC:\Users\Corbin\AppData\Local\Temp\s9js.2 \
  -Mdist/default/production/third.X.production.map -E1 -ver=XC8 \
  -ASTACK=0202Ah-0216fh -pstack=STACK -ACODE=00h-07FFhx2 \
  -ASTRCODE=00h-0FFFh -ASTRING=00h-0FFhx16 -ACONST=00h-0FFhx16 \
  -AENTRY=00h-0FFhx16 -ACOMMON=070h-07Fh -ABANK0=020h-06Fh \
  -ABANK1=0A0h-0EFh -ABANK2=0120h-016Fh -ABANK3=01A0h-01EFh \
  -ABANK4=0220h-024Fh -ABIGRAM=02000h-0216Fh \
  -ARAM=020h-06Fh,0A0h-0EFh,0120h-016Fh,01A0h-01EFh,0220h-024Fh \
  -AABS1=020h-07Fh,0A0h-0EFh,0120h-016Fh,01A0h-01EFh,0220h-024Fh \
  -ASFR0=00h-01Fh -ASFR1=080h-09Fh -ASFR2=0100h-011Fh -ASFR3=0180h-019Fh \
  -ASFR4=0200h-021Fh -ASFR5=0280h-02EFh -ASFR6=0300h-036Fh \
  -ASFR7=0380h-03EFh -ASFR8=0400h-046Fh -ASFR9=0480h-04EFh \
  -ASFR10=0500h-056Fh -ASFR11=0580h-05EFh -ASFR12=0600h-066Fh \
  -ASFR13=0680h-06EFh -ASFR14=0700h-076Fh -ASFR15=0780h-07EFh \
  -ASFR16=0800h-086Fh -ASFR17=0880h-08EFh -ASFR18=0900h-096Fh \
  -ASFR19=0980h-09EFh -ASFR20=0A00h-0A6Fh -ASFR21=0A80h-0AEFh \
  -ASFR22=0B00h-0B6Fh -ASFR23=0B80h-0BEFh -ASFR24=0C00h-0C6Fh \
  -ASFR25=0C80h-0CEFh -ASFR26=0D00h-0D6Fh -ASFR27=0D80h-0DEFh \
  -ASFR28=0E00h-0E6Fh -ASFR29=0E80h-0EEFh -ASFR30=0F00h-0F6Fh \
  -ASFR31=0F80h-0FEFh -preset_vec=00h,intentry=04h,init,end_init \
  -ppowerup=CODE -pcinit=CODE -pfunctab=ENTRY -ACONFIG=08007h-08008h \
  -pconfig=CONFIG -DCONFIG=2 -AIDLOC=08000h-08003h -pidloc=IDLOC -DIDLOC=2 \
  -AEEDATA=00h-0FFh/0F000h -peeprom_data=EEDATA -DEEDATA=2 -DCODE=2 \
  -DSTRCODE=2 -DSTRING=2 -DCONST=2 -DENTRY=2 -k \
  C:\Users\Corbin\AppData\Local\Temp\s9js.obj \
  dist/default/production\third.X.production.obj 

Object code version is 3.11

Machine type is 16F1827



                Name                               Link     Load   Length Selector   Space Scale
C:\Users\Corbin\AppData\Local\Temp\s9js.obj
                end_init                             21       21        2        8       0
                reset_vec                             0        0        2        0       0
                config                             8007     8007        2    1000E       0
dist/default/production\third.X.production.obj
                cinit                                23       23        C        8       0
                intentry                              4        4       1D        8       0
                text20                              121      121       17        8       0
                text19                              192      192        3        8       0
                text18                              197      197        1      32E       0
                text17                              18E      18E        4        8       0
                text16                               6D       6D       32        8       0
                text15                               E9       E9       1D        8       0
                text13                              17F      17F        6        8       0
                text12                              179      179        6        8       0
                text11                              173      173        6        8       0
                text10                              16D      16D        6        8       0
                text9                               167      167        6        8       0
                text8                                2F       2F       3E        8       0
                text7                               15A      15A        7        8       0
                text6                               138      138       16        8       0
                text5                               18A      18A        4        8       0
                text4                               14E      14E        C        8       0
                text3                                C6       C6       23        8       0
                text2                               185      185        5        8       0
                text1                               106      106       1B        8       0
                maintext                             9F       9F       27        8       0
                cstackBANK0                          48       48        2       20       1
                cstackCOMMON                         70       70        B       70       1
                clrtext                             161      161        6        8       0
                bssBANK0                             20       20       1D       20       1
                bssCOMMON                            7B       7B        1       70       1
                stringtext1                         195      195        2      32A       0
                nvBANK0                              3D       3D        B       20       1

TOTAL           Name                               Link     Load   Length     Space
        CLASS   STACK          

        CLASS   CODE           
                end_init                             21       21        2         0
                cinit                                23       23        C         0
                intentry                              4        4       1D         0
                reset_vec                             0        0        2         0
                text20                              121      121       17         0
                text19                              192      192        3         0
                text18                              197      197        1         0
                text17                              18E      18E        4         0
                text16                               6D       6D       32         0
                text15                               E9       E9       1D         0
                text13                              17F      17F        6         0
                text12                              179      179        6         0
                text11                              173      173        6         0
                text10                              16D      16D        6         0
                text9                               167      167        6         0
                text8                                2F       2F       3E         0
                text7                               15A      15A        7         0
                text6                               138      138       16         0
                text5                               18A      18A        4         0
                text4                               14E      14E        C         0
                text3                                C6       C6       23         0
                text2                               185      185        5         0
                text1                               106      106       1B         0
                maintext                             9F       9F       27         0
                clrtext                             161      161        6         0

        CLASS   STRCODE        
                stringtext1                         195      195        2         0

        CLASS   STRING         

        CLASS   CONST          

        CLASS   ENTRY          

        CLASS   COMMON         
                cstackCOMMON                         70       70        B         1
                bssCOMMON                            7B       7B        1         1

        CLASS   BANK0          
                cstackBANK0                          48       48        2         1
                bssBANK0                             20       20       1D         1
                nvBANK0                              3D       3D        B         1

        CLASS   BANK1          

        CLASS   BANK2          

        CLASS   BANK3          

        CLASS   BANK4          

        CLASS   BIGRAM         

        CLASS   RAM            

        CLASS   ABS1           
                abs_s1                               7E       7E        2         1

        CLASS   SFR0           

        CLASS   SFR1           

        CLASS   SFR2           

        CLASS   SFR3           

        CLASS   SFR4           

        CLASS   SFR5           

        CLASS   SFR6           

        CLASS   SFR7           

        CLASS   SFR8           

        CLASS   SFR9           

        CLASS   SFR10          

        CLASS   SFR11          

        CLASS   SFR12          

        CLASS   SFR13          

        CLASS   SFR14          

        CLASS   SFR15          

        CLASS   SFR16          

        CLASS   SFR17          

        CLASS   SFR18          

        CLASS   SFR19          

        CLASS   SFR20          

        CLASS   SFR21          

        CLASS   SFR22          

        CLASS   SFR23          

        CLASS   SFR24          

        CLASS   SFR25          

        CLASS   SFR26          

        CLASS   SFR27          

        CLASS   SFR28          

        CLASS   SFR29          

        CLASS   SFR30          

        CLASS   SFR31          

        CLASS   CONFIG         
                config                             8007     8007        2         0

        CLASS   IDLOC          

        CLASS   EEDATA         

        CLASS   BANK31         

        CLASS   BANK30         

        CLASS   BANK29         

        CLASS   BANK28         

        CLASS   BANK27         

        CLASS   BANK26         

        CLASS   BANK25         

        CLASS   BANK24         

        CLASS   BANK23         

        CLASS   BANK22         

        CLASS   BANK21         

        CLASS   BANK20         

        CLASS   BANK19         

        CLASS   BANK18         

        CLASS   BANK17         

        CLASS   BANK16         

        CLASS   BANK15         

        CLASS   BANK14         

        CLASS   BANK13         

        CLASS   BANK12         

        CLASS   BANK11         

        CLASS   BANK10         

        CLASS   BANK9          

        CLASS   BANK8          

        CLASS   BANK7          

        CLASS   BANK6          

        CLASS   BANK5          



SEGMENTS        Name                           Load    Length   Top    Selector   Space  Class     Delta

                reset_vec                      000000  000002  000002         0       0  CODE        2
                intentry                       000004  000191  000195         8       0  CODE        2
                bssBANK0                       000020  00002A  00004A        20       1  BANK0       1
                cstackCOMMON                   000070  00000C  00007C        70       1  COMMON      1
                stringtext1                    000195  000002  000197       32A       0  STRCODE     2
                text18                         000197  000001  000198       32E       0  CODE        2
                config                         008007  000002  008009     1000E       0  CONFIG      2


UNUSED ADDRESS RANGES

        Name                Unused          Largest block    Delta
        BANK0            0004A-0006F              26           1
        BANK1            000A0-000EF              50           1
        BANK2            00120-0016F              50           1
        BANK3            001A0-001EF              50           1
        BANK4            00220-0024F              30           1
        BIGRAM           02000-0216F             170           1
        CODE             00002-00003               2           2
                         00198-00FFF             668
        COMMON           0007C-0007D               2           1
        CONST            00002-00003               2           2
                         00198-00FFF             100
        EEDATA           0F000-0F0FF             100           2
        ENTRY            00002-00003               2           2
                         00198-00FFF             100
        IDLOC            08000-08003               4           2
        RAM              0004A-0006F              26           1
                         000A0-000EF              50
                         00120-0016F              50
                         001A0-001EF              50
                         00220-0024F              30
        SFR0             00000-0001F              20           1
        SFR1             00080-0009F              20           1
        SFR10            00500-0056F              70           1
        SFR11            00580-005EF              70           1
        SFR12            00600-0066F              70           1
        SFR13            00680-006EF              70           1
        SFR14            00700-0076F              70           1
        SFR15            00780-007EF              70           1
        SFR16            00800-0086F              70           1
        SFR17            00880-008EF              70           1
        SFR18            00900-0096F              70           1
        SFR19            00980-009EF              70           1
        SFR2             00100-0011F              20           1
        SFR20            00A00-00A6F              70           1
        SFR21            00A80-00AEF              70           1
        SFR22            00B00-00B6F              70           1
        SFR23            00B80-00BEF              70           1
        SFR24            00C00-00C6F              70           1
        SFR25            00C80-00CEF              70           1
        SFR26            00D00-00D6F              70           1
        SFR27            00D80-00DEF              70           1
        SFR28            00E00-00E6F              70           1
        SFR29            00E80-00EEF              70           1
        SFR3             00180-0019F              20           1
        SFR30            00F00-00F6F              70           1
        SFR31            00F80-00FEF              70           1
        SFR4             00200-0021F              20           1
        SFR5             00280-002EF              70           1
        SFR6             00300-0036F              70           1
        SFR7             00380-003EF              70           1
        SFR8             00400-0046F              70           1
        SFR9             00480-004EF              70           1
        STACK            0202A-0216F             146           1
        STRCODE          00002-00003               2           2
                         00198-00FFF             E68
        STRING           00002-00003               2           2
                         00198-00FFF             100

                                  Symbol Table

?_printf                                       cstackCOMMON 00074
EUSART_SetErrorHandler@interruptHandler        cstackCOMMON 00071
EUSART_SetFramingErrorHandler@interruptHandler cstackCOMMON 00071
EUSART_SetOverrunErrorHandler@interruptHandler cstackCOMMON 00071
EUSART_SetRxInterruptHandler@interruptHandler  cstackCOMMON 00071
EUSART_SetTxInterruptHandler@interruptHandler  cstackCOMMON 00071
EUSART_Write@txData                            cstackCOMMON 00072
_ANSELA                                        (abs)        0018C
_ANSELB                                        (abs)        0018D
_APFCON0                                       (abs)        0011D
_APFCON1                                       (abs)        0011E
_BAUDCON                                       (abs)        0019F
_BORCON                                        (abs)        00116
_EUSART_DefaultErrorHandler                    text19       00192
_EUSART_DefaultFramingErrorHandler             text18       00197
_EUSART_DefaultOverrunErrorHandler             text17       0018E
_EUSART_ErrorHandler                           nvBANK0      0003D
_EUSART_FramingErrorHandler                    nvBANK0      00041
_EUSART_Initialize                             text8        0002F
_EUSART_OverrunErrorHandler                    nvBANK0      0003F
_EUSART_Receive_ISR                            text16       0006D
_EUSART_RxDataHandler                          text20       00121
_EUSART_RxDefaultInterruptHandler              nvBANK0      00043
_EUSART_SetErrorHandler                        text13       0017F
_EUSART_SetFramingErrorHandler                 text12       00179
_EUSART_SetOverrunErrorHandler                 text11       00173
_EUSART_SetRxInterruptHandler                  text10       0016D
_EUSART_SetTxInterruptHandler                  text9        00167
_EUSART_Transmit_ISR                           text15       000E9
_EUSART_TxDefaultInterruptHandler              nvBANK0      00045
_EUSART_Write                                  text3        000C6
_INTCONbits                                    (abs)        0000B
_INTERRUPT_InterruptManager                    intentry     00004
_LATA                                          (abs)        0010C
_LATAbits                                      (abs)        0010C
_LATB                                          (abs)        0010D
_OPTION_REGbits                                (abs)        00095
_OSCCON                                        (abs)        00099
_OSCILLATOR_Initialize                         text7        0015A
_OSCTUNE                                       (abs)        00098
_PIE1bits                                      (abs)        00091
_PIN_MANAGER_Initialize                        text6        00138
_PIR1bits                                      (abs)        00011
_RCREG                                         (abs)        00199
_RCSTA                                         (abs)        0019D
_RCSTAbits                                     (abs)        0019D
_SPBRGH                                        (abs)        0019C
_SPBRGL                                        (abs)        0019B
_SYSTEM_Initialize                             text4        0014E
_TRISA                                         (abs)        0008C
_TRISB                                         (abs)        0008D
_TXREG                                         (abs)        0019A
_TXSTA                                         (abs)        0019E
_TXSTAbits                                     (abs)        0019E
_WDTCON                                        (abs)        00097
_WDT_Initialize                                text5        0018A
_WPUA                                          (abs)        0020C
_WPUB                                          (abs)        0020D
__CFG_BOREN$ON                                 (abs)        00000
__CFG_BORV$LO                                  (abs)        00000
__CFG_CLKOUTEN$OFF                             (abs)        00000
__CFG_CP$OFF                                   (abs)        00000
__CFG_CPD$OFF                                  (abs)        00000
__CFG_FCMEN$ON                                 (abs)        00000
__CFG_FOSC$INTOSC                              (abs)        00000
__CFG_IESO$ON                                  (abs)        00000
__CFG_LVP$ON                                   (abs)        00000
__CFG_MCLRE$ON                                 (abs)        00000
__CFG_PLLEN$OFF                                (abs)        00000
__CFG_PWRTE$OFF                                (abs)        00000
__CFG_STVREN$ON                                (abs)        00000
__CFG_WDTE$OFF                                 (abs)        00000
__CFG_WRT$OFF                                  (abs)        00000
__Habs1                                        abs1         00000
__Hbank0                                       bank0        00000
__Hbank1                                       bank1        00000
__Hbank10                                      bank10       00000
__Hbank11                                      bank11       00000
__Hbank12                                      bank12       00000
__Hbank13                                      bank13       00000
__Hbank14                                      bank14       00000
__Hbank15                                      bank15       00000
__Hbank16                                      bank16       00000
__Hbank17                                      bank17       00000
__Hbank18                                      bank18       00000
__Hbank19                                      bank19       00000
__Hbank2                                       bank2        00000
__Hbank20                                      bank20       00000
__Hbank21                                      bank21       00000
__Hbank22                                      bank22       00000
__Hbank23                                      bank23       00000
__Hbank24                                      bank24       00000
__Hbank25                                      bank25       00000
__Hbank26                                      bank26       00000
__Hbank27                                      bank27       00000
__Hbank28                                      bank28       00000
__Hbank29                                      bank29       00000
__Hbank3                                       bank3        00000
__Hbank30                                      bank30       00000
__Hbank31                                      bank31       00000
__Hbank4                                       bank4        00000
__Hbank5                                       bank5        00000
__Hbank6                                       bank6        00000
__Hbank7                                       bank7        00000
__Hbank8                                       bank8        00000
__Hbank9                                       bank9        00000
__Hbigram                                      bigram       00000
__HbssBANK0                                    bssBANK0     00000
__HbssCOMMON                                   bssCOMMON    00000
__Hcinit                                       cinit        0002F
__Hclrtext                                     clrtext      00000
__Hcode                                        code         00000
__Hcommon                                      common       00000
__Hconfig                                      config       08009
__HcstackBANK0                                 cstackBANK0  00000
__HcstackCOMMON                                cstackCOMMON 00000
__Heeprom_data                                 eeprom_data  00000
__Hend_init                                    end_init     00023
__Hfunctab                                     functab      00000
__Hidloc                                       idloc        00000
__Hinit                                        init         00021
__Hintentry                                    intentry     00021
__Hmaintext                                    maintext     00000
__HnvBANK0                                     nvBANK0      00000
__Hpowerup                                     powerup      00000
__Hram                                         ram          00000
__Hreset_vec                                   reset_vec    00002
__Hsfr0                                        sfr0         00000
__Hsfr1                                        sfr1         00000
__Hsfr10                                       sfr10        00000
__Hsfr11                                       sfr11        00000
__Hsfr12                                       sfr12        00000
__Hsfr13                                       sfr13        00000
__Hsfr14                                       sfr14        00000
__Hsfr15                                       sfr15        00000
__Hsfr16                                       sfr16        00000
__Hsfr17                                       sfr17        00000
__Hsfr18                                       sfr18        00000
__Hsfr19                                       sfr19        00000
__Hsfr2                                        sfr2         00000
__Hsfr20                                       sfr20        00000
__Hsfr21                                       sfr21        00000
__Hsfr22                                       sfr22        00000
__Hsfr23                                       sfr23        00000
__Hsfr24                                       sfr24        00000
__Hsfr25                                       sfr25        00000
__Hsfr26                                       sfr26        00000
__Hsfr27                                       sfr27        00000
__Hsfr28                                       sfr28        00000
__Hsfr29                                       sfr29        00000
__Hsfr3                                        sfr3         00000
__Hsfr30                                       sfr30        00000
__Hsfr31                                       sfr31        00000
__Hsfr4                                        sfr4         00000
__Hsfr5                                        sfr5         00000
__Hsfr6                                        sfr6         00000
__Hsfr7                                        sfr7         00000
__Hsfr8                                        sfr8         00000
__Hsfr9                                        sfr9         00000
__Hspace_0                                     (abs)        08009
__Hspace_1                                     (abs)        0007C
__Hspace_2                                     (abs)        00000
__Hspace_3                                     (abs)        00000
__Hstack                                       stack        00000
__Hstrings                                     strings      00000
__Hstringtext1                                 stringtext1  00000
__Hstringtext2                                 stringtext2  00000
__Htext                                        text         00000
__Labs1                                        abs1         00000
__Lbank0                                       bank0        00000
__Lbank1                                       bank1        00000
__Lbank10                                      bank10       00000
__Lbank11                                      bank11       00000
__Lbank12                                      bank12       00000
__Lbank13                                      bank13       00000
__Lbank14                                      bank14       00000
__Lbank15                                      bank15       00000
__Lbank16                                      bank16       00000
__Lbank17                                      bank17       00000
__Lbank18                                      bank18       00000
__Lbank19                                      bank19       00000
__Lbank2                                       bank2        00000
__Lbank20                                      bank20       00000
__Lbank21                                      bank21       00000
__Lbank22                                      bank22       00000
__Lbank23                                      bank23       00000
__Lbank24                                      bank24       00000
__Lbank25                                      bank25       00000
__Lbank26                                      bank26       00000
__Lbank27                                      bank27       00000
__Lbank28                                      bank28       00000
__Lbank29                                      bank29       00000
__Lbank3                                       bank3        00000
__Lbank30                                      bank30       00000
__Lbank31                                      bank31       00000
__Lbank4                                       bank4        00000
__Lbank5                                       bank5        00000
__Lbank6                                       bank6        00000
__Lbank7                                       bank7        00000
__Lbank8                                       bank8        00000
__Lbank9                                       bank9        00000
__Lbigram                                      bigram       00000
__LbssBANK0                                    bssBANK0     00000
__LbssCOMMON                                   bssCOMMON    00000
__Lcinit                                       cinit        00023
__Lclrtext                                     clrtext      00000
__Lcode                                        code         00000
__Lcommon                                      common       00000
__Lconfig                                      config       08007
__LcstackBANK0                                 cstackBANK0  00000
__LcstackCOMMON                                cstackCOMMON 00000
__Leeprom_data                                 eeprom_data  00000
__Lend_init                                    end_init     00021
__Lfunctab                                     functab      00000
__Lidloc                                       idloc        00000
__Linit                                        init         00021
__Lintentry                                    intentry     00004
__Lmaintext                                    maintext     00000
__LnvBANK0                                     nvBANK0      00000
__Lpowerup                                     powerup      00000
__Lram                                         ram          00000
__Lreset_vec                                   reset_vec    00000
__Lsfr0                                        sfr0         00000
__Lsfr1                                        sfr1         00000
__Lsfr10                                       sfr10        00000
__Lsfr11                                       sfr11        00000
__Lsfr12                                       sfr12        00000
__Lsfr13                                       sfr13        00000
__Lsfr14                                       sfr14        00000
__Lsfr15                                       sfr15        00000
__Lsfr16                                       sfr16        00000
__Lsfr17                                       sfr17        00000
__Lsfr18                                       sfr18        00000
__Lsfr19                                       sfr19        00000
__Lsfr2                                        sfr2         00000
__Lsfr20                                       sfr20        00000
__Lsfr21                                       sfr21        00000
__Lsfr22                                       sfr22        00000
__Lsfr23                                       sfr23        00000
__Lsfr24                                       sfr24        00000
__Lsfr25                                       sfr25        00000
__Lsfr26                                       sfr26        00000
__Lsfr27                                       sfr27        00000
__Lsfr28                                       sfr28        00000
__Lsfr29                                       sfr29        00000
__Lsfr3                                        sfr3         00000
__Lsfr30                                       sfr30        00000
__Lsfr31                                       sfr31        00000
__Lsfr4                                        sfr4         00000
__Lsfr5                                        sfr5         00000
__Lsfr6                                        sfr6         00000
__Lsfr7                                        sfr7         00000
__Lsfr8                                        sfr8         00000
__Lsfr9                                        sfr9         00000
__Lspace_0                                     (abs)        00000
__Lspace_1                                     (abs)        00000
__Lspace_2                                     (abs)        00000
__Lspace_3                                     (abs)        00000
__Lstack                                       stack        00000
__Lstrings                                     strings      00000
__Lstringtext1                                 stringtext1  00000
__Lstringtext2                                 stringtext2  00000
__Ltext                                        text         00000
__S0                                           (abs)        08009
__S1                                           (abs)        0007C
__S2                                           (abs)        00000
__S3                                           (abs)        00000
___int_sp                                      stack        00000
___latbits                                     (abs)        00001
___sp                                          stack        00000
__end_of_EUSART_DefaultErrorHandler            text19       00195
__end_of_EUSART_DefaultFramingErrorHandler     text18       00198
__end_of_EUSART_DefaultOverrunErrorHandler     text17       00192
__end_of_EUSART_Initialize                     text8        0006D
__end_of_EUSART_Receive_ISR                    text16       0009F
__end_of_EUSART_RxDataHandler                  text20       00138
__end_of_EUSART_SetErrorHandler                text13       00185
__end_of_EUSART_SetFramingErrorHandler         text12       0017F
__end_of_EUSART_SetOverrunErrorHandler         text11       00179
__end_of_EUSART_SetRxInterruptHandler          text10       00173
__end_of_EUSART_SetTxInterruptHandler          text9        0016D
__end_of_EUSART_Transmit_ISR                   text15       00106
__end_of_EUSART_Write                          text3        000E9
__end_of_INTERRUPT_InterruptManager            intentry     00021
__end_of_OSCILLATOR_Initialize                 text7        00161
__end_of_PIN_MANAGER_Initialize                text6        0014E
__end_of_SYSTEM_Initialize                     text4        0015A
__end_of_WDT_Initialize                        text5        0018E
__end_of__initialization                       cinit        0002B
__end_of_main                                  maintext     000C6
__end_of_printf                                text1        00121
__end_of_putch                                 text2        0018A
__initialization                               cinit        00023
__pbssBANK0                                    bssBANK0     00020
__pbssCOMMON                                   bssCOMMON    0007B
__pcstackBANK0                                 cstackBANK0  00048
__pcstackCOMMON                                cstackCOMMON 00070
__pintentry                                    intentry     00004
__pmaintext                                    maintext     0009F
__pnvBANK0                                     nvBANK0      0003D
__pstringtext1                                 stringtext1  00195
__pstringtext2                                 stringtext2  00000
__ptext1                                       text1        00106
__ptext10                                      text10       0016D
__ptext11                                      text11       00173
__ptext12                                      text12       00179
__ptext13                                      text13       0017F
__ptext15                                      text15       000E9
__ptext16                                      text16       0006D
__ptext17                                      text17       0018E
__ptext18                                      text18       00197
__ptext19                                      text19       00192
__ptext2                                       text2        00185
__ptext20                                      text20       00121
__ptext3                                       text3        000C6
__ptext4                                       text4        0014E
__ptext5                                       text5        0018A
__ptext6                                       text6        00138
__ptext7                                       text7        0015A
__ptext8                                       text8        0002F
__ptext9                                       text9        00167
__size_of_EUSART_DefaultErrorHandler           (abs)        00000
__size_of_EUSART_DefaultFramingErrorHandler    (abs)        00000
__size_of_EUSART_DefaultOverrunErrorHandler    (abs)        00000
__size_of_EUSART_Initialize                    (abs)        00000
__size_of_EUSART_Receive_ISR                   (abs)        00000
__size_of_EUSART_RxDataHandler                 (abs)        00000
__size_of_EUSART_SetErrorHandler               (abs)        00000
__size_of_EUSART_SetFramingErrorHandler        (abs)        00000
__size_of_EUSART_SetOverrunErrorHandler        (abs)        00000
__size_of_EUSART_SetRxInterruptHandler         (abs)        00000
__size_of_EUSART_SetTxInterruptHandler         (abs)        00000
__size_of_EUSART_Transmit_ISR                  (abs)        00000
__size_of_EUSART_Write                         (abs)        00000
__size_of_INTERRUPT_InterruptManager           (abs)        00000
__size_of_OSCILLATOR_Initialize                (abs)        00000
__size_of_PIN_MANAGER_Initialize               (abs)        00000
__size_of_SYSTEM_Initialize                    (abs)        00000
__size_of_WDT_Initialize                       (abs)        00000
__size_of_main                                 (abs)        00000
__size_of_printf                               (abs)        00000
__size_of_putch                                (abs)        00000
_eusartRxBuffer                                bssBANK0     00028
_eusartRxCount                                 bssBANK0     00039
_eusartRxHead                                  bssCOMMON    0007B
_eusartRxLastError                             bssBANK0     00038
_eusartRxStatusBuffer                          bssBANK0     00020
_eusartRxTail                                  bssBANK0     0003A
_eusartTxBuffer                                bssBANK0     00030
_eusartTxBufferRemaining                       nvBANK0      00047
_eusartTxHead                                  bssBANK0     0003C
_eusartTxTail                                  bssBANK0     0003B
_main                                          maintext     0009F
_printf                                        text1        00106
_putch                                         text2        00185
btemp                                          (abs)        0007E
clear_ram0                                     clrtext      00161
end_of_initialization                          cinit        0002B
int$flags                                      (abs)        0007E
intlevel0                                      functab      00000
intlevel1                                      functab      00000
intlevel2                                      functab      00000
intlevel3                                      functab      00000
intlevel4                                      functab      00000
intlevel5                                      functab      00000
printf@ap                                      cstackCOMMON 00079
printf@c                                       cstackCOMMON 0007A
printf@f                                       cstackCOMMON 00074
putch@txData                                   cstackCOMMON 00073
reset_vec                                      reset_vec    00000
stackhi                                        (abs)        0216F
stacklo                                        (abs)        0202A
start                                          init         00021
start_initialization                           cinit        00023
wtemp0                                         (abs)        0007E


FUNCTION INFORMATION:

 *************** function _main *****************
 Defined at:
		line 49 in file "main.c"
 Parameters:    Size  Location     Type
		None
 Auto vars:     Size  Location     Type
		None
 Return value:  Size  Location     Type
                  1    wreg      void 
 Registers used:
		wreg, fsr0l, fsr0h, fsr1l, fsr1h, status,2, status,0, pclath, cstack
 Tracked objects:
		On entry : 
		On exit  : 
		Unchanged: 
 Data sizes:     COMMON   BANK0   BANK1   BANK2   BANK3   BANK4
      Params:         0       0       0       0       0       0
      Locals:         0       0       0       0       0       0
      Temps:          0       2       0       0       0       0
      Totals:         0       2       0       0       0       0
Total ram usage:        2 bytes
 Hardware stack levels required when called:    7
 This function calls:
		_SYSTEM_Initialize
		_printf
 This function is called by:
		Startup code after reset
 This function uses a non-reentrant model


 *************** function _printf *****************
 Defined at:
		line 472 in file "E:\Program Files (x86)\Microchip\xc8\v2.00\pic\sources\c90\common\doprnt.c"
 Parameters:    Size  Location     Type
  f               2    4[COMMON] PTR const unsigned char 
		 -> STR_1(2), 
 Auto vars:     Size  Location     Type
  tmpval          4    0        struct .
  cp              2    0        PTR const unsigned char 
  len             2    0        unsigned int 
  val             2    0        unsigned int 
  c               1   10[COMMON] unsigned char 
  ap              1    9[COMMON] PTR void [1]
		 -> ?_printf(2), 
  flag            1    0        unsigned char 
  prec            1    0        char 
 Return value:  Size  Location     Type
                  2    4[COMMON] int 
 Registers used:
		wreg, fsr0l, fsr0h, fsr1l, fsr1h, status,2, status,0, pclath, cstack
 Tracked objects:
		On entry : 
		On exit  : 
		Unchanged: 
 Data sizes:     COMMON   BANK0   BANK1   BANK2   BANK3   BANK4
      Params:         2       0       0       0       0       0
      Locals:         2       0       0       0       0       0
      Temps:          3       0       0       0       0       0
      Totals:         7       0       0       0       0       0
Total ram usage:        7 bytes
 Hardware stack levels used:    1
 Hardware stack levels required when called:    6
 This function calls:
		_putch
 This function is called by:
		_main
 This function uses a non-reentrant model


 *************** function _putch *****************
 Defined at:
		line 198 in file "mcc_generated_files/eusart.c"
 Parameters:    Size  Location     Type
  txData          1    wreg     unsigned char 
 Auto vars:     Size  Location     Type
  txData          1    3[COMMON] unsigned char 
 Return value:  Size  Location     Type
                  1    wreg      void 
 Registers used:
		wreg, fsr1l, fsr1h, status,2, status,0, pclath, cstack
 Tracked objects:
		On entry : 
		On exit  : 
		Unchanged: 
 Data sizes:     COMMON   BANK0   BANK1   BANK2   BANK3   BANK4
      Params:         0       0       0       0       0       0
      Locals:         1       0       0       0       0       0
      Temps:          0       0       0       0       0       0
      Totals:         1       0       0       0       0       0
Total ram usage:        1 bytes
 Hardware stack levels used:    1
 Hardware stack levels required when called:    5
 This function calls:
		_EUSART_Write
 This function is called by:
		_printf
 This function uses a non-reentrant model


 *************** function _EUSART_Write *****************
 Defined at:
		line 170 in file "mcc_generated_files/eusart.c"
 Parameters:    Size  Location     Type
  txData          1    wreg     unsigned char 
 Auto vars:     Size  Location     Type
  txData          1    2[COMMON] unsigned char 
 Return value:  Size  Location     Type
                  1    wreg      void 
 Registers used:
		wreg, fsr1l, fsr1h, status,2, status,0
 Tracked objects:
		On entry : 
		On exit  : 
		Unchanged: 
 Data sizes:     COMMON   BANK0   BANK1   BANK2   BANK3   BANK4
      Params:         0       0       0       0       0       0
      Locals:         1       0       0       0       0       0
      Temps:          1       0       0       0       0       0
      Totals:         2       0       0       0       0       0
Total ram usage:        2 bytes
 Hardware stack levels used:    1
 Hardware stack levels required when called:    4
 This function calls:
		Nothing
 This function is called by:
		_putch
 This function uses a non-reentrant model


 *************** function _SYSTEM_Initialize *****************
 Defined at:
		line 50 in file "mcc_generated_files/mcc.c"
 Parameters:    Size  Location     Type
		None
 Auto vars:     Size  Location     Type
		None
 Return value:  Size  Location     Type
                  1    wreg      void 
 Registers used:
		wreg, status,2, status,0, pclath, cstack
 Tracked objects:
		On entry : 
		On exit  : 
		Unchanged: 
 Data sizes:     COMMON   BANK0   BANK1   BANK2   BANK3   BANK4
      Params:         0       0       0       0       0       0
      Locals:         0       0       0       0       0       0
      Temps:          0       0       0       0       0       0
      Totals:         0       0       0       0       0       0
Total ram usage:        0 bytes
 Hardware stack levels used:    1
 Hardware stack levels required when called:    6
 This function calls:
		_EUSART_Initialize
		_OSCILLATOR_Initialize
		_PIN_MANAGER_Initialize
		_WDT_Initialize
 This function is called by:
		_main
 This function uses a non-reentrant model


 *************** function _WDT_Initialize *****************
 Defined at:
		line 69 in file "mcc_generated_files/mcc.c"
 Parameters:    Size  Location     Type
		None
 Auto vars:     Size  Location     Type
		None
 Return value:  Size  Location     Type
                  1    wreg      void 
 Registers used:
		wreg
 Tracked objects:
		On entry : 
		On exit  : 
		Unchanged: 
 Data sizes:     COMMON   BANK0   BANK1   BANK2   BANK3   BANK4
      Params:         0       0       0       0       0       0
      Locals:         0       0       0       0       0       0
      Temps:          0       0       0       0       0       0
      Totals:         0       0       0       0       0       0
Total ram usage:        0 bytes
 Hardware stack levels used:    1
 Hardware stack levels required when called:    4
 This function calls:
		Nothing
 This function is called by:
		_SYSTEM_Initialize
 This function uses a non-reentrant model


 *************** function _PIN_MANAGER_Initialize *****************
 Defined at:
		line 57 in file "mcc_generated_files/pin_manager.c"
 Parameters:    Size  Location     Type
		None
 Auto vars:     Size  Location     Type
		None
 Return value:  Size  Location     Type
                  1    wreg      void 
 Registers used:
		wreg, status,2
 Tracked objects:
		On entry : 
		On exit  : 
		Unchanged: 
 Data sizes:     COMMON   BANK0   BANK1   BANK2   BANK3   BANK4
      Params:         0       0       0       0       0       0
      Locals:         0       0       0       0       0       0
      Temps:          0       0       0       0       0       0
      Totals:         0       0       0       0       0       0
Total ram usage:        0 bytes
 Hardware stack levels used:    1
 Hardware stack levels required when called:    4
 This function calls:
		Nothing
 This function is called by:
		_SYSTEM_Initialize
 This function uses a non-reentrant model


 *************** function _OSCILLATOR_Initialize *****************
 Defined at:
		line 59 in file "mcc_generated_files/mcc.c"
 Parameters:    Size  Location     Type
		None
 Auto vars:     Size  Location     Type
		None
 Return value:  Size  Location     Type
                  1    wreg      void 
 Registers used:
		wreg, status,2
 Tracked objects:
		On entry : 
		On exit  : 
		Unchanged: 
 Data sizes:     COMMON   BANK0   BANK1   BANK2   BANK3   BANK4
      Params:         0       0       0       0       0       0
      Locals:         0       0       0       0       0       0
      Temps:          0       0       0       0       0       0
      Totals:         0       0       0       0       0       0
Total ram usage:        0 bytes
 Hardware stack levels used:    1
 Hardware stack levels required when called:    4
 This function calls:
		Nothing
 This function is called by:
		_SYSTEM_Initialize
 This function uses a non-reentrant model


 *************** function _EUSART_Initialize *****************
 Defined at:
		line 85 in file "mcc_generated_files/eusart.c"
 Parameters:    Size  Location     Type
		None
 Auto vars:     Size  Location     Type
		None
 Return value:  Size  Location     Type
                  1    wreg      void 
 Registers used:
		wreg, status,2, status,0, pclath, cstack
 Tracked objects:
		On entry : 
		On exit  : 
		Unchanged: 
 Data sizes:     COMMON   BANK0   BANK1   BANK2   BANK3   BANK4
      Params:         0       0       0       0       0       0
      Locals:         0       0       0       0       0       0
      Temps:          1       0       0       0       0       0
      Totals:         1       0       0       0       0       0
Total ram usage:        1 bytes
 Hardware stack levels used:    1
 Hardware stack levels required when called:    5
 This function calls:
		_EUSART_SetErrorHandler
		_EUSART_SetFramingErrorHandler
		_EUSART_SetOverrunErrorHandler
		_EUSART_SetRxInterruptHandler
		_EUSART_SetTxInterruptHandler
 This function is called by:
		_SYSTEM_Initialize
 This function uses a non-reentrant model


 *************** function _EUSART_SetTxInterruptHandler *****************
 Defined at:
		line 282 in file "mcc_generated_files/eusart.c"
 Parameters:    Size  Location     Type
  interruptHan    2    1[COMMON] PTR FTN()void 
		 -> EUSART_Transmit_ISR(1), 
 Auto vars:     Size  Location     Type
		None
 Return value:  Size  Location     Type
                  1    wreg      void 
 Registers used:
		wreg
 Tracked objects:
		On entry : 
		On exit  : 
		Unchanged: 
 Data sizes:     COMMON   BANK0   BANK1   BANK2   BANK3   BANK4
      Params:         2       0       0       0       0       0
      Locals:         0       0       0       0       0       0
      Temps:          0       0       0       0       0       0
      Totals:         2       0       0       0       0       0
Total ram usage:        2 bytes
 Hardware stack levels used:    1
 Hardware stack levels required when called:    4
 This function calls:
		Nothing
 This function is called by:
		_EUSART_Initialize
 This function uses a non-reentrant model


 *************** function _EUSART_SetRxInterruptHandler *****************
 Defined at:
		line 286 in file "mcc_generated_files/eusart.c"
 Parameters:    Size  Location     Type
  interruptHan    2    1[COMMON] PTR FTN()void 
		 -> EUSART_Receive_ISR(1), 
 Auto vars:     Size  Location     Type
		None
 Return value:  Size  Location     Type
                  1    wreg      void 
 Registers used:
		wreg
 Tracked objects:
		On entry : 
		On exit  : 
		Unchanged: 
 Data sizes:     COMMON   BANK0   BANK1   BANK2   BANK3   BANK4
      Params:         2       0       0       0       0       0
      Locals:         0       0       0       0       0       0
      Temps:          0       0       0       0       0       0
      Totals:         2       0       0       0       0       0
Total ram usage:        2 bytes
 Hardware stack levels used:    1
 Hardware stack levels required when called:    4
 This function calls:
		Nothing
 This function is called by:
		_EUSART_Initialize
 This function uses a non-reentrant model


 *************** function _EUSART_SetOverrunErrorHandler *****************
 Defined at:
		line 274 in file "mcc_generated_files/eusart.c"
 Parameters:    Size  Location     Type
  interruptHan    2    1[COMMON] PTR FTN()void 
		 -> EUSART_DefaultOverrunErrorHandler(1), 
 Auto vars:     Size  Location     Type
		None
 Return value:  Size  Location     Type
                  1    wreg      void 
 Registers used:
		wreg
 Tracked objects:
		On entry : 
		On exit  : 
		Unchanged: 
 Data sizes:     COMMON   BANK0   BANK1   BANK2   BANK3   BANK4
      Params:         2       0       0       0       0       0
      Locals:         0       0       0       0       0       0
      Temps:          0       0       0       0       0       0
      Totals:         2       0       0       0       0       0
Total ram usage:        2 bytes
 Hardware stack levels used:    1
 Hardware stack levels required when called:    4
 This function calls:
		Nothing
 This function is called by:
		_EUSART_Initialize
 This function uses a non-reentrant model


 *************** function _EUSART_SetFramingErrorHandler *****************
 Defined at:
		line 270 in file "mcc_generated_files/eusart.c"
 Parameters:    Size  Location     Type
  interruptHan    2    1[COMMON] PTR FTN()void 
		 -> EUSART_DefaultFramingErrorHandler(1), 
 Auto vars:     Size  Location     Type
		None
 Return value:  Size  Location     Type
                  1    wreg      void 
 Registers used:
		wreg
 Tracked objects:
		On entry : 
		On exit  : 
		Unchanged: 
 Data sizes:     COMMON   BANK0   BANK1   BANK2   BANK3   BANK4
      Params:         2       0       0       0       0       0
      Locals:         0       0       0       0       0       0
      Temps:          0       0       0       0       0       0
      Totals:         2       0       0       0       0       0
Total ram usage:        2 bytes
 Hardware stack levels used:    1
 Hardware stack levels required when called:    4
 This function calls:
		Nothing
 This function is called by:
		_EUSART_Initialize
 This function uses a non-reentrant model


 *************** function _EUSART_SetErrorHandler *****************
 Defined at:
		line 278 in file "mcc_generated_files/eusart.c"
 Parameters:    Size  Location     Type
  interruptHan    2    1[COMMON] PTR FTN()void 
		 -> EUSART_DefaultErrorHandler(1), 
 Auto vars:     Size  Location     Type
		None
 Return value:  Size  Location     Type
                  1    wreg      void 
 Registers used:
		wreg
 Tracked objects:
		On entry : 
		On exit  : 
		Unchanged: 
 Data sizes:     COMMON   BANK0   BANK1   BANK2   BANK3   BANK4
      Params:         2       0       0       0       0       0
      Locals:         0       0       0       0       0       0
      Temps:          0       0       0       0       0       0
      Totals:         2       0       0       0       0       0
Total ram usage:        2 bytes
 Hardware stack levels used:    1
 Hardware stack levels required when called:    4
 This function calls:
		Nothing
 This function is called by:
		_EUSART_Initialize
 This function uses a non-reentrant model


 *************** function _INTERRUPT_InterruptManager *****************
 Defined at:
		line 52 in file "mcc_generated_files/interrupt_manager.c"
 Parameters:    Size  Location     Type
		None
 Auto vars:     Size  Location     Type
		None
 Return value:  Size  Location     Type
                  1    wreg      void 
 Registers used:
		wreg, fsr1l, fsr1h, status,2, status,0, pclath, cstack
 Tracked objects:
		On entry : 
		On exit  : 
		Unchanged: 
 Data sizes:     COMMON   BANK0   BANK1   BANK2   BANK3   BANK4
      Params:         0       0       0       0       0       0
      Locals:         0       0       0       0       0       0
      Temps:          0       0       0       0       0       0
      Totals:         0       0       0       0       0       0
Total ram usage:        0 bytes
 Hardware stack levels used:    1
 Hardware stack levels required when called:    3
 This function calls:
		Absolute function
		_EUSART_Receive_ISR
		_EUSART_Transmit_ISR
 This function is called by:
		Interrupt level 1
 This function uses a non-reentrant model


 *************** function _EUSART_Transmit_ISR *****************
 Defined at:
		line 203 in file "mcc_generated_files/eusart.c"
 Parameters:    Size  Location     Type
		None
 Auto vars:     Size  Location     Type
		None
 Return value:  Size  Location     Type
                  1    wreg      void 
 Registers used:
		wreg, fsr1l, fsr1h, status,2, status,0
 Tracked objects:
		On entry : 
		On exit  : 
		Unchanged: 
 Data sizes:     COMMON   BANK0   BANK1   BANK2   BANK3   BANK4
      Params:         0       0       0       0       0       0
      Locals:         0       0       0       0       0       0
      Temps:          1       0       0       0       0       0
      Totals:         1       0       0       0       0       0
Total ram usage:        1 bytes
 Hardware stack levels used:    1
 This function calls:
		Nothing
 This function is called by:
		_EUSART_Initialize
		_INTERRUPT_InterruptManager
 This function uses a non-reentrant model


 *************** function _EUSART_Receive_ISR *****************
 Defined at:
		line 222 in file "mcc_generated_files/eusart.c"
 Parameters:    Size  Location     Type
		None
 Auto vars:     Size  Location     Type
		None
 Return value:  Size  Location     Type
                  1    wreg      void 
 Registers used:
		wreg, fsr1l, fsr1h, status,2, status,0, pclath, cstack
 Tracked objects:
		On entry : 
		On exit  : 
		Unchanged: 
 Data sizes:     COMMON   BANK0   BANK1   BANK2   BANK3   BANK4
      Params:         0       0       0       0       0       0
      Locals:         0       0       0       0       0       0
      Temps:          0       0       0       0       0       0
      Totals:         0       0       0       0       0       0
Total ram usage:        0 bytes
 Hardware stack levels used:    1
 Hardware stack levels required when called:    2
 This function calls:
		Absolute function
		_EUSART_DefaultErrorHandler
		_EUSART_DefaultFramingErrorHandler
		_EUSART_DefaultOverrunErrorHandler
		_EUSART_RxDataHandler
 This function is called by:
		_EUSART_Initialize
		_INTERRUPT_InterruptManager
 This function uses a non-reentrant model


 *************** function _EUSART_DefaultOverrunErrorHandler *****************
 Defined at:
		line 258 in file "mcc_generated_files/eusart.c"
 Parameters:    Size  Location     Type
		None
 Auto vars:     Size  Location     Type
		None
 Return value:  Size  Location     Type
                  1    wreg      void 
 Registers used:
		None
 Tracked objects:
		On entry : 
		On exit  : 
		Unchanged: 
 Data sizes:     COMMON   BANK0   BANK1   BANK2   BANK3   BANK4
      Params:         0       0       0       0       0       0
      Locals:         0       0       0       0       0       0
      Temps:          0       0       0       0       0       0
      Totals:         0       0       0       0       0       0
Total ram usage:        0 bytes
 Hardware stack levels used:    1
 This function calls:
		Nothing
 This function is called by:
		_EUSART_Initialize
		_EUSART_Receive_ISR
 This function uses a non-reentrant model


 *************** function _EUSART_DefaultFramingErrorHandler *****************
 Defined at:
		line 256 in file "mcc_generated_files/eusart.c"
 Parameters:    Size  Location     Type
		None
 Auto vars:     Size  Location     Type
		None
 Return value:  Size  Location     Type
                  1    wreg      void 
 Registers used:
		None
 Tracked objects:
		On entry : 
		On exit  : 
		Unchanged: 
 Data sizes:     COMMON   BANK0   BANK1   BANK2   BANK3   BANK4
      Params:         0       0       0       0       0       0
      Locals:         0       0       0       0       0       0
      Temps:          0       0       0       0       0       0
      Totals:         0       0       0       0       0       0
Total ram usage:        0 bytes
 Hardware stack levels used:    1
 This function calls:
		Nothing
 This function is called by:
		_EUSART_Initialize
		_EUSART_Receive_ISR
 This function uses a non-reentrant model


 *************** function _EUSART_DefaultErrorHandler *****************
 Defined at:
		line 266 in file "mcc_generated_files/eusart.c"
 Parameters:    Size  Location     Type
		None
 Auto vars:     Size  Location     Type
		None
 Return value:  Size  Location     Type
                  1    wreg      void 
 Registers used:
		wreg, fsr1l, fsr1h, status,2, status,0, pclath, cstack
 Tracked objects:
		On entry : 
		On exit  : 
		Unchanged: 
 Data sizes:     COMMON   BANK0   BANK1   BANK2   BANK3   BANK4
      Params:         0       0       0       0       0       0
      Locals:         0       0       0       0       0       0
      Temps:          0       0       0       0       0       0
      Totals:         0       0       0       0       0       0
Total ram usage:        0 bytes
 Hardware stack levels used:    1
 Hardware stack levels required when called:    1
 This function calls:
		_EUSART_RxDataHandler
 This function is called by:
		_EUSART_Initialize
		_EUSART_Receive_ISR
 This function uses a non-reentrant model


 *************** function _EUSART_RxDataHandler *****************
 Defined at:
		line 246 in file "mcc_generated_files/eusart.c"
 Parameters:    Size  Location     Type
		None
 Auto vars:     Size  Location     Type
		None
 Return value:  Size  Location     Type
                  1    wreg      void 
 Registers used:
		wreg, fsr1l, fsr1h, status,2, status,0
 Tracked objects:
		On entry : 
		On exit  : 
		Unchanged: 
 Data sizes:     COMMON   BANK0   BANK1   BANK2   BANK3   BANK4
      Params:         0       0       0       0       0       0
      Locals:         0       0       0       0       0       0
      Temps:          1       0       0       0       0       0
      Totals:         1       0       0       0       0       0
Total ram usage:        1 bytes
 Hardware stack levels used:    1
 This function calls:
		Nothing
 This function is called by:
		_EUSART_Receive_ISR
		_EUSART_DefaultErrorHandler
 This function uses a non-reentrant model



MODULE INFORMATION

Module		Function		Class		Link	Load	Size
mcc_generated_files/interrupt_manager.c
		_INTERRUPT_InterruptManager		CODE           	0004	0000	30

mcc_generated_files/interrupt_manager.c estimated size: 30

mcc_generated_files/pin_manager.c
		_PIN_MANAGER_Initialize		CODE           	0138	0000	23

mcc_generated_files/pin_manager.c estimated size: 23

shared
		__initialization		CODE           	0023	0000	9

shared estimated size: 9

mcc_generated_files/mcc.c
		_WDT_Initialize		CODE           	018A	0000	5
		_OSCILLATOR_Initialize		CODE           	015A	0000	8
		_SYSTEM_Initialize		CODE           	014E	0000	13

mcc_generated_files/mcc.c estimated size: 26

mcc_generated_files/eusart.c
		_EUSART_SetRxInterruptHandler		CODE           	016D	0000	7
		_EUSART_SetTxInterruptHandler		CODE           	0167	0000	7
		_putch         		CODE           	0185	0000	6
		_EUSART_DefaultOverrunErrorHandler		CODE           	018E	0000	5
		_EUSART_Write  		CODE           	00C6	0000	36
		_EUSART_DefaultErrorHandler		CODE           	0192	0000	4
		_EUSART_Transmit_ISR		CODE           	00E9	0000	30
		_EUSART_Initialize		CODE           	002F	0000	63
		_EUSART_SetFramingErrorHandler		CODE           	0179	0000	7
		_EUSART_SetErrorHandler		CODE           	017F	0000	7
		_EUSART_SetOverrunErrorHandler		CODE           	0173	0000	7
		_EUSART_Receive_ISR		CODE           	006D	0000	51
		_EUSART_RxDataHandler		CODE           	0121	0000	24
		_EUSART_DefaultFramingErrorHandler		CODE           	0197	0000	2

mcc_generated_files/eusart.c estimated size: 256

main.c
		_main          		CODE           	009F	0000	40

main.c estimated size: 40

E:\Program Files (x86)\Microchip\xc8\v2.00\pic\sources\c90\common\doprnt.c
		_printf        		CODE           	0106	0000	28

E:\Program Files (x86)\Microchip\xc8\v2.00\pic\sources\c90\common\doprnt.c estimated size: 28

